// Jest Snapshot v1, https://goo.gl/fbAQLP

exports[`DropdownButton should render correctly 1`] = `
<body>
  <div>
    <button
      class="MuiButton-root MuiButton-contained MuiButton-containedPrimary MuiButton-sizeMedium MuiButton-containedSizeMedium MuiButtonBase-root  css-sghohy-MuiButtonBase-root-MuiButton-root"
      tabindex="0"
      type="button"
    >
      <span
        class="MuiButton-startIcon MuiButton-iconSizeMedium css-1d6wzja-MuiButton-startIcon"
      >
        <div />
      </span>
      <span
        class="MuiTouchRipple-root css-8je8zh-MuiTouchRipple-root"
      />
    </button>
  </div>
  <div
    aria-hidden="true"
    class="MuiModal-root MuiModal-hidden MuiPopover-root MuiMenu-root css-6f6ff7-MuiModal-root-MuiPopover-root-MuiMenu-root"
    role="presentation"
  >
    <div
      aria-hidden="true"
      class="MuiBackdrop-root MuiBackdrop-invisible css-g3hgs1-MuiBackdrop-root-MuiModal-backdrop"
      style="opacity: 0; visibility: hidden;"
    />
    <div
      data-test="sentinelStart"
      tabindex="0"
    />
    <div
      class="MuiPaper-root MuiPaper-elevation MuiPaper-rounded MuiPaper-elevation1 MuiMenu-paper MuiPaper-root MuiPaper-elevation MuiPaper-rounded MuiPaper-elevation8 MuiPopover-paper css-1poimk-MuiPaper-root-MuiMenu-paper-MuiPaper-root-MuiPopover-paper"
      style="opacity: 0; transform: scale(0.75, 0.5625); visibility: hidden;"
      tabindex="-1"
    >
      <ul
        class="MuiList-root MuiList-padding MuiMenu-list css-6hp17o-MuiList-root-MuiMenu-list"
        role="menu"
        tabindex="-1"
      >
        <li
          class="MuiMenuItem-root MuiMenuItem-gutters MuiButtonBase-root css-kk1bwy-MuiButtonBase-root-MuiMenuItem-root"
          role="menuitem"
          tabindex="0"
        >
          Action1
          <span
            class="MuiTouchRipple-root css-8je8zh-MuiTouchRipple-root"
          />
        </li>
        <li
          class="MuiMenuItem-root MuiMenuItem-gutters MuiButtonBase-root css-kk1bwy-MuiButtonBase-root-MuiMenuItem-root"
          role="menuitem"
          tabindex="-1"
        >
          Action2
          <span
            class="MuiTouchRipple-root css-8je8zh-MuiTouchRipple-root"
          />
        </li>
      </ul>
    </div>
    <div
      data-test="sentinelEnd"
      tabindex="0"
    />
  </div>
</body>
`;
